{
  "id": "64415005-c5d9-46fc-a125-d4236822eb98",
  "name": "repo",
  "root": "/private/tmp/iv/repo",
  "scan": {
    "exclude": [],
    "include": [
      "**/*.py",
      "**/*.pyi",
      "**/*.js",
      "**/*.jsx",
      "**/*.mjs",
      "**/*.cjs",
      "**/*.ts",
      "**/*.tsx",
      "**/*.mts",
      "**/*.cts",
      "**/*.java",
      "**/*.cs",
      "**/*.csx",
      "**/*.gd",
      "**/*.gdshader",
      "**/*.gdshaderinc",
      "**/*.tres",
      "**/*.tscn",
      "**/*.godot",
      "**/*.sql",
      "**/*.yaml",
      "**/*.yml",
      "**/*.json",
      "**/*.go",
      "**/*.tf",
      "**/*.tfvars",
      "**/*.rs",
      "**/*.c",
      "**/*.h",
      "**/*.cc",
      "**/*.cpp",
      "**/*.cxx",
      "**/*.hh",
      "**/*.hpp",
      "**/*.hxx",
      "**/*.lua"
    ],
    "max_file_bytes": 1048576
  },
  "version": 1
}
