{
  "bytes_read": 10360,
  "chunks_extracted": 300,
  "chunks_staged": 300,
  "commit_duration_ms": 240,
  "commit_ms": 240,
  "discovered_files": 150,
  "duration_ms": 6819,
  "embed_duration_ms": 5850,
  "embed_ms": 5850,
  "embedded_characters": 30990,
  "embedded_chunks": 300,
  "embedded_segments": 300,
  "embedded_tokens": 3000,
  "embedding_artifact_digest": "fac39c143ecbfe61faad94e82269721fd32a35fccff0bfa743b85601cea504f0",
  "embedding_backend": "cpu",
  "embedding_batch_size": 1,
  "embedding_cache_lookup_ms": 0,
  "embedding_cache_status": "active",
  "embedding_cache_write_ms": 6,
  "embedding_crossover_characters": null,
  "embedding_fallback_reason": null,
  "embedding_retries": 0,
  "embedding_selection_reason": null,
  "embedding_tokenizer_digest": "fac39c143ecbfe61faad94e82269721fd32a35fccff0bfa743b85601cea504f0",
  "errors": [],
  "failed_files": 0,
  "fallback_count": 0,
  "indexed_files": 150,
  "memory_budget_bytes": 2147483648,
  "metadata_only_files": 0,
  "parse_duration_ms": 92,
  "parse_ms": 92,
  "parsed_files": 150,
  "peak_memory_bytes": 1673035776,
  "project_id": "64415005-c5d9-46fc-a125-d4236822eb98",
  "reference_extraction_duration_ms": 62,
  "removed_files": 0,
  "reused_candidates": 0,
  "reused_segments": 0,
  "run_id": "8a87be407b66469ea6bc6c01b6e77058",
  "scan_duration_ms": 37,
  "scan_ms": 37,
  "skip_reasons": {
    "unsupported": 2
  },
  "skipped_files": 2,
  "skipped_samples": [
    "blob.bin",
    "notes.txt"
  ],
  "staged_bytes": 9910,
  "staged_reference_rows": 150,
  "token_windowing": true,
  "trigger": "manual",
  "unchanged_files": 0,
  "worker_termination_reason": null,
  "worker_used": true
}
