{
  "active_slot_id": "00f2bb599e31e4bbaabe0bf4bc90a94b3fd2866141be14b3c7a7b4144a8bd22d",
  "branch_build_pending": false,
  "checkout_root": "/private/tmp/iv/repo",
  "chunk_count": 300,
  "file_count": 150,
  "git_clean": null,
  "git_head": null,
  "git_probe": "not_git",
  "git_selector_kind": "workspace",
  "git_selector_value": "/private/tmp/iv/repo",
  "last_run": {
    "changed_files": 150,
    "chunks_embedded": 300,
    "duration_ms": 6781,
    "eligible_files": 150,
    "embedding_cache_status": "active",
    "failed_files": 0,
    "finished_at": "2026-09-14T12:49:59.419239+00:00",
    "reused_candidates": 0,
    "reused_segments": 0,
    "run_id": "8a87be407b66469ea6bc6c01b6e77058",
    "skipped_total": 2,
    "started_at": "2026-09-14T12:49:52.638203+00:00",
    "state": "completed",
    "trigger": "manual"
  },
  "progress": null,
  "project": {
    "id": "64415005-c5d9-46fc-a125-d4236822eb98",
    "name": "repo",
    "root": "/private/tmp/iv/repo",
    "scan": {
      "exclude": [],
      "include": [
        "**/*.py",
        "**/*.pyi",
        "**/*.js",
        "**/*.jsx",
        "**/*.mjs",
        "**/*.cjs",
        "**/*.ts",
        "**/*.tsx",
        "**/*.mts",
        "**/*.cts",
        "**/*.java",
        "**/*.cs",
        "**/*.csx",
        "**/*.gd",
        "**/*.gdshader",
        "**/*.gdshaderinc",
        "**/*.tres",
        "**/*.tscn",
        "**/*.godot",
        "**/*.sql",
        "**/*.yaml",
        "**/*.yml",
        "**/*.json",
        "**/*.go",
        "**/*.tf",
        "**/*.tfvars",
        "**/*.rs",
        "**/*.c",
        "**/*.h",
        "**/*.cc",
        "**/*.cpp",
        "**/*.cxx",
        "**/*.hh",
        "**/*.hpp",
        "**/*.hxx",
        "**/*.lua"
      ],
      "max_file_bytes": 1048576
    },
    "version": 1
  },
  "state": "ready"
}
