{
  "next_cursor": null,
  "project": {
    "id": "64415005-c5d9-46fc-a125-d4236822eb98",
    "name": "repo",
    "root": "/private/tmp/iv/repo",
    "scan": {
      "exclude": [],
      "include": [
        "**/*.py",
        "**/*.pyi",
        "**/*.js",
        "**/*.jsx",
        "**/*.mjs",
        "**/*.cjs",
        "**/*.ts",
        "**/*.tsx",
        "**/*.mts",
        "**/*.cts",
        "**/*.java",
        "**/*.cs",
        "**/*.csx",
        "**/*.gd",
        "**/*.gdshader",
        "**/*.gdshaderinc",
        "**/*.tres",
        "**/*.tscn",
        "**/*.godot",
        "**/*.sql",
        "**/*.yaml",
        "**/*.yml",
        "**/*.json",
        "**/*.go",
        "**/*.tf",
        "**/*.tfvars",
        "**/*.rs",
        "**/*.c",
        "**/*.h",
        "**/*.cc",
        "**/*.cpp",
        "**/*.cxx",
        "**/*.hh",
        "**/*.hpp",
        "**/*.hxx",
        "**/*.lua"
      ],
      "max_file_bytes": 1048576
    },
    "version": 1
  },
  "runs": [
    {
      "bytes_read": 10360,
      "changed_files": 150,
      "chunks_embedded": 300,
      "chunks_extracted": 300,
      "chunks_staged": 300,
      "eligible_files": 150,
      "embedding_backend": "cpu",
      "embedding_cache_lookup_ms": 0,
      "embedding_cache_status": "active",
      "embedding_cache_write_ms": 6,
      "embedding_fallback_reason": null,
      "errors": [],
      "failed_files": 0,
      "finished_at": "2026-09-14T12:49:59.419239+00:00",
      "force": false,
      "git_revision": "6f5ec6885dd547f5dd3c100ad0cc33000565fe94",
      "model_id": "jinaai/jina-embeddings-v2-base-code",
      "parsed_files": 150,
      "phase_durations": {
        "commit": 240,
        "embed": 5850,
        "parse": 92,
        "scan": 37
      },
      "pid": 71269,
      "project_id": "64415005-c5d9-46fc-a125-d4236822eb98",
      "rebuild_reason": null,
      "removed_files": 0,
      "reused_candidates": 0,
      "reused_segments": 0,
      "run_id": "8a87be407b66469ea6bc6c01b6e77058",
      "scan_config_hash": "91eb8b14a98add6b",
      "schema_version": 5,
      "server_version": "0.4.0",
      "skip_reasons": {
        "unsupported": 2
      },
      "skipped_samples": [
        "blob.bin",
        "notes.txt"
      ],
      "skipped_total": 2,
      "staged_bytes": 9910,
      "started_at": "2026-09-14T12:49:52.638203+00:00",
      "state": "completed",
      "storage_after": {
        "chunks": 10,
        "files": 2,
        "references": 13
      },
      "storage_before": {},
      "trigger": "manual",
      "unchanged_files": 0,
      "worker_used": true
    }
  ],
  "schema_version": 1
}
